EN flipfloptipod NULL "C:/Xilinx/14.7/ISE_DS/David Escamilla/flipfloptipod/flipfloptipod.vhd" sub00/vhpl00 1490982687
AR ffd behavioral "C:/Xilinx/14.7/ISE_DS/David Escamilla/flipfloptipod/flipfloptipod.vhd" sub00/vhpl03 1490984536
EN ffd NULL "C:/Xilinx/14.7/ISE_DS/David Escamilla/flipfloptipod/flipfloptipod.vhd" sub00/vhpl02 1490984535
AR flipfloptipod behavioral "C:/Xilinx/14.7/ISE_DS/David Escamilla/flipfloptipod/flipfloptipod.vhd" sub00/vhpl01 1490982688
