AR procesador2 arq_procesador2 "G:/Arquitectura Computadores/Procesadores/Procesador 4/sparcv8/Procesador2.vhd" sub00/vhpl25 1493936594
EN psr NULL "G:/Arquitectura Computadores/Procesadores/Procesador 4/sparcv8/PSR.vhd" sub00/vhpl20 1493936589
EN seu NULL "G:/Arquitectura Computadores/Procesadores/Procesador 4/sparcv8/SEU.vhd" sub00/vhpl14 1493936583
EN windowsmanager NULL "G:/Arquitectura Computadores/Procesadores/Procesador 4/sparcv8/WindowsManager.vhd" sub00/vhpl23 1493936591
AR registerfile arqrf "G:/Arquitectura Computadores/Procesadores/Procesador 4/sparcv8/RegisterFile.vhd" sub00/vhpl11 1493936580
AR mux arqmux "G:/Arquitectura Computadores/Procesadores/Procesador 4/sparcv8/Mux.vhd" sub00/vhpl13 1493936582
EN intructionmemory NULL "G:/Arquitectura Computadores/Procesadores/Procesador 4/sparcv8/IntructionMemory.vhd" sub00/vhpl06 1493936575
AR psr_modifier arq_psrmodifier "G:/Arquitectura Computadores/Procesadores/Procesador 4/sparcv8/PSR_Modifier.vhd" sub00/vhpl19 1493936588
EN pc NULL "G:/Arquitectura Computadores/Procesadores/Procesador 4/sparcv8/PC.vhd" sub00/vhpl04 1493936573
AR intructionmemory arqim "G:/Arquitectura Computadores/Procesadores/Procesador 4/sparcv8/IntructionMemory.vhd" sub00/vhpl07 1493936576
AR npc arqnpc "G:/Arquitectura Computadores/Procesadores/Procesador 4/sparcv8/nPC.vhd" sub00/vhpl03 1493936572
AR alu arqalu "G:/Arquitectura Computadores/Procesadores/Procesador 4/sparcv8/ALU.vhd" sub00/vhpl17 1493936586
EN uc NULL "G:/Arquitectura Computadores/Procesadores/Procesador 4/sparcv8/UC.vhd" sub00/vhpl08 1493936577
AR pc arqpc "G:/Arquitectura Computadores/Procesadores/Procesador 4/sparcv8/PC.vhd" sub00/vhpl05 1493936574
EN procesador2 NULL "G:/Arquitectura Computadores/Procesadores/Procesador 4/sparcv8/Procesador2.vhd" sub00/vhpl22 1493936593
AR psr arq_psr "G:/Arquitectura Computadores/Procesadores/Procesador 4/sparcv8/PSR.vhd" sub00/vhpl21 1493936590
AR uc arquc "G:/Arquitectura Computadores/Procesadores/Procesador 4/sparcv8/UC.vhd" sub00/vhpl09 1493936578
AR seu arqseu "G:/Arquitectura Computadores/Procesadores/Procesador 4/sparcv8/SEU.vhd" sub00/vhpl15 1493936584
EN npc NULL "G:/Arquitectura Computadores/Procesadores/Procesador 4/sparcv8/nPC.vhd" sub00/vhpl02 1493936571
AR sumador arqsumador "G:/Arquitectura Computadores/Procesadores/Procesador 4/sparcv8/Sumador.vhd" sub00/vhpl01 1493936570
EN psr_modifier NULL "G:/Arquitectura Computadores/Procesadores/Procesador 4/sparcv8/PSR_Modifier.vhd" sub00/vhpl18 1493936587
EN mux NULL "G:/Arquitectura Computadores/Procesadores/Procesador 4/sparcv8/Mux.vhd" sub00/vhpl12 1493936581
EN sumador NULL "G:/Arquitectura Computadores/Procesadores/Procesador 4/sparcv8/Sumador.vhd" sub00/vhpl00 1493936569
AR windowsmanager arq_windowsmanager "G:/Arquitectura Computadores/Procesadores/Procesador 4/sparcv8/WindowsManager.vhd" sub00/vhpl24 1493936592
EN registerfile NULL "G:/Arquitectura Computadores/Procesadores/Procesador 4/sparcv8/RegisterFile.vhd" sub00/vhpl10 1493936579
EN alu NULL "G:/Arquitectura Computadores/Procesadores/Procesador 4/sparcv8/ALU.vhd" sub00/vhpl16 1493936585
