AR procesador2 arq_procesador2 "G:/Arquitectura Computadores/Procesadores/Procesador 3/sparcv8/Procesador2.vhd" sub00/vhpl19 1492804225
EN psr NULL "G:/Arquitectura Computadores/Procesadores/Procesador 3/sparcv8/PSR.vhd" sub00/vhpl22 1493061598
EN seu NULL "G:/Arquitectura Computadores/Procesadores/Procesador 3/sparcv8/SEU.vhd" sub00/vhpl13 1493061658
AR registerfile arqrf "G:/Arquitectura Computadores/Procesadores/Procesador 3/sparcv8/RegisterFile.vhd" sub00/vhpl09 1493061676
AR mux arqmux "G:/Arquitectura Computadores/Procesadores/Procesador 3/sparcv8/Mux.vhd" sub00/vhpl12 1492804219
EN intructionmemory NULL "G:/Arquitectura Computadores/Procesadores/Procesador 3/sparcv8/IntructionMemory.vhd" sub00/vhpl02 1492804212
AR psr_modifier arq_psrmodifier "G:/Arquitectura Computadores/Procesadores/Procesador 3/sparcv8/PSR_Modifier.vhd" sub00/vhpl21 1493062175
EN pc NULL "G:/Arquitectura Computadores/Procesadores/Procesador 3/sparcv8/PC.vhd" sub00/vhpl16 1492804210
AR intructionmemory arqim "G:/Arquitectura Computadores/Procesadores/Procesador 3/sparcv8/IntructionMemory.vhd" sub00/vhpl03 1492804213
AR npc arqnpc "G:/Arquitectura Computadores/Procesadores/Procesador 3/sparcv8/nPC.vhd" sub00/vhpl01 1492804209
AR alu arqalu "G:/Arquitectura Computadores/Procesadores/Procesador 3/sparcv8/ALU.vhd" sub00/vhpl15 1493061643
EN uc NULL "G:/Arquitectura Computadores/Procesadores/Procesador 3/sparcv8/UC.vhd" sub00/vhpl06 1493055579
AR pc arqpc "G:/Arquitectura Computadores/Procesadores/Procesador 3/sparcv8/PC.vhd" sub00/vhpl17 1492804211
EN procesador2 NULL "G:/Arquitectura Computadores/Procesadores/Procesador 3/sparcv8/Procesador2.vhd" sub00/vhpl18 1492804224
AR psr arq_psr "G:/Arquitectura Computadores/Procesadores/Procesador 3/sparcv8/PSR.vhd" sub00/vhpl23 1493061599
AR uc arquc "G:/Arquitectura Computadores/Procesadores/Procesador 3/sparcv8/UC.vhd" sub00/vhpl07 1493055580
AR seu arqseu "G:/Arquitectura Computadores/Procesadores/Procesador 3/sparcv8/SEU.vhd" sub00/vhpl14 1493061659
EN npc NULL "G:/Arquitectura Computadores/Procesadores/Procesador 3/sparcv8/nPC.vhd" sub00/vhpl00 1492804208
AR sumador arqsumador "G:/Arquitectura Computadores/Procesadores/Procesador 3/sparcv8/Sumador.vhd" sub00/vhpl05 1493061708
EN psr_modifier NULL "G:/Arquitectura Computadores/Procesadores/Procesador 3/sparcv8/PSR_Modifier.vhd" sub00/vhpl20 1493062174
EN mux NULL "G:/Arquitectura Computadores/Procesadores/Procesador 3/sparcv8/Mux.vhd" sub00/vhpl11 1492804218
EN sumador NULL "G:/Arquitectura Computadores/Procesadores/Procesador 3/sparcv8/Sumador.vhd" sub00/vhpl04 1493061707
EN registerfile NULL "G:/Arquitectura Computadores/Procesadores/Procesador 3/sparcv8/RegisterFile.vhd" sub00/vhpl08 1493061675
EN alu NULL "G:/Arquitectura Computadores/Procesadores/Procesador 3/sparcv8/ALU.vhd" sub00/vhpl10 1493061642
